// Jest Snapshot v1, https://goo.gl/fbAQLP

exports[`Issues should render snapshot 1`] = `ShallowWrapper {}`;
