// Jest Snapshot v1, https://goo.gl/fbAQLP

exports[`Issue Header should render snapshot 1`] = `ShallowWrapper {}`;
