// Jest Snapshot v1, https://goo.gl/fbAQLP

exports[`Global Menu should render snapshot 1`] = `ShallowWrapper {}`;
