// Jest Snapshot v1, https://goo.gl/fbAQLP

exports[`App should render snapshot 1`] = `ShallowWrapper {}`;
